// Jest Snapshot v1, https://goo.gl/fbAQLP

exports[`Test default state of Income Component 1`] = `
<div
  data-testid="income-component"
>
  <h3>
    Household Monthly Salaries
  </h3>
  <form
    class=""
  >
    <div
      class="form-row"
    >
      <select
        aria-label="icon"
        autocomplete="off"
        class="form-select"
        name="icon"
      >
        <option
          disabled=""
          value="-"
        >
          -
        </option>
        <option
          value="👩"
        >
          👩
        </option>
        <option
          value="👱‍♂️"
        >
          👱‍♂️
        </option>
        <option
          value="🐶"
        >
          🐶
        </option>
        <option
          value="🐱"
        >
          🐱
        </option>
        <option
          value="🐰"
        >
          🐰
        </option>
        <option
          value="🐻"
        >
          🐻
        </option>
        <option
          value="🦁"
        >
          🦁
        </option>
        <option
          value="🐷"
        >
          🐷
        </option>
        <option
          value="🐮"
        >
          🐮
        </option>
      </select>
      <input
        aria-label="name"
        autocomplete="off"
        class="form-control"
        name="name"
        placeholder="Member Name"
        type="text"
        value=""
      />
      <input
        aria-label="income"
        autocomplete="off"
        class="form-control"
        name="income"
        placeholder="0.00"
        step="0.01"
        type="number"
        value=""
      />
      <button
        class="add-income btn btn-primary"
        type="submit"
      >
        Add
      </button>
    </div>
  </form>
  <div
    class="income-outer hide-scroll"
  />
</div>
`;
